{"AccounID":"1292f21c-8501-4771-a070-c79c7c7ef451","AccountName":"Saving Account for me","Currency":"USD","Country":"AUS","LocalAccount":false,"Active":true,"RegistrationDate":"0001-01-01T00:00:00"}
